2025-06-16 15:46:06.679 [main] INFO  com.api.qualcy.docs.QualcyApplication - Starting QualcyApplication using Java 17.0.9 with PID 19700 (D:\work\project\qualyc\wsp\qualcy\target\classes started by USER in D:\work\project\qualyc\wsp\qualcy)
2025-06-16 15:46:06.713 [main] INFO  com.api.qualcy.docs.QualcyApplication - The following 1 profile is active: "dev"
2025-06-16 15:46:08.123 [main] INFO  org.apache.coyote.http11.Http11NioProtocol - Initializing ProtocolHandler ["http-nio-3050"]
2025-06-16 15:46:08.126 [main] INFO  org.apache.catalina.core.StandardService - Starting service [Tomcat]
2025-06-16 15:46:08.126 [main] INFO  org.apache.catalina.core.StandardEngine - Starting Servlet engine: [Apache Tomcat/10.1.41]
2025-06-16 15:46:08.205 [main] INFO  org.apache.catalina.core.ContainerBase.[Tomcat].[localhost].[/] - Initializing Spring embedded WebApplicationContext
2025-06-16 15:46:08.676 [main] WARN  org.springframework.boot.autoconfigure.security.servlet.UserDetailsServiceAutoConfiguration - 

Using generated security password: f85f7199-f77c-4fb8-89eb-0c1194832c4b

This generated password is for development use only. Your security configuration must be updated before running your application in production.

2025-06-16 15:46:09.026 [main] INFO  org.apache.coyote.http11.Http11NioProtocol - Starting ProtocolHandler ["http-nio-3050"]
2025-06-16 15:46:09.099 [main] INFO  com.api.qualcy.docs.QualcyApplication - Started QualcyApplication in 2.967 seconds (process running for 4.0)
2025-06-16 15:46:24.633 [http-nio-3050-exec-2] INFO  org.apache.catalina.core.ContainerBase.[Tomcat].[localhost].[/] - Initializing Spring DispatcherServlet 'dispatcherServlet'
2025-06-16 15:51:38.174 [main] INFO  com.api.qualcy.docs.QualcyApplication - Starting QualcyApplication using Java 17.0.9 with PID 22884 (D:\work\project\qualyc\wsp\qualcy\target\classes started by USER in D:\work\project\qualyc\wsp\qualcy)
2025-06-16 15:51:38.188 [main] INFO  com.api.qualcy.docs.QualcyApplication - The following 1 profile is active: "dev"
2025-06-16 15:51:39.606 [main] INFO  org.apache.coyote.http11.Http11NioProtocol - Initializing ProtocolHandler ["http-nio-3050"]
2025-06-16 15:51:39.608 [main] INFO  org.apache.catalina.core.StandardService - Starting service [Tomcat]
2025-06-16 15:51:39.608 [main] INFO  org.apache.catalina.core.StandardEngine - Starting Servlet engine: [Apache Tomcat/10.1.41]
2025-06-16 15:51:39.661 [main] INFO  org.apache.catalina.core.ContainerBase.[Tomcat].[localhost].[/] - Initializing Spring embedded WebApplicationContext
2025-06-16 15:51:40.004 [main] WARN  org.springframework.boot.autoconfigure.security.servlet.UserDetailsServiceAutoConfiguration - 

Using generated security password: c9f54db1-7860-4b7d-a730-5ef6b2c0348a

This generated password is for development use only. Your security configuration must be updated before running your application in production.

2025-06-16 15:51:40.246 [main] INFO  org.apache.coyote.http11.Http11NioProtocol - Starting ProtocolHandler ["http-nio-3050"]
2025-06-16 15:51:40.416 [main] INFO  com.api.qualcy.docs.QualcyApplication - Started QualcyApplication in 2.787 seconds (process running for 3.611)
2025-06-16 15:52:05.645 [http-nio-3050-exec-1] INFO  org.apache.catalina.core.ContainerBase.[Tomcat].[localhost].[/] - Initializing Spring DispatcherServlet 'dispatcherServlet'
